I'm sorry, but errors were detected in your script. Please correct the
errors listed below, and try again.


File "game/map.rpy", line 96: Tab characters are not allowed in Ren'Py scripts.

Ren'Py Version: Ren'Py 7.3.5.606
Wed Dec 04 19:33:02 2019
